// Jest Snapshot v1, https://goo.gl/fbAQLP

exports[`MovieCard should match the MovieCard Snapshot 1`] = `
<div
  className="movie-card"
>
  <h1
    className="poster-title"
  >
    Frozen II
  </h1>
  <img
    alt="Poster Picture of Frozen II"
    className="poster"
    src="https://image.tmdb.org/t/p/original//pjeMs3yqRmFL3giJy4PMXWZTTPa.jpg"
  />
  <p
    className="average-rating"
  >
    Average Rating: 
    8
  </p>
  <NavLink
    to="/movies/3"
  >
    <div
      className="view-name"
    >
      View Movie
    </div>
  </NavLink>
</div>
`;
