// Jest Snapshot v1, https://goo.gl/fbAQLP

exports[`MovieCard should match the MovieCard Snapshot 1`] = `
<div
  className="movie-card"
>
  <NavLink
    style={
      Object {
        "textDecoration": "none",
      }
    }
    to="/movies/3"
  >
    <h1
      className="poster-title"
    >
      Frozen II
    </h1>
  </NavLink>
  <NavLink
    style={
      Object {
        "textDecoration": "none",
      }
    }
    to="/movies/3"
  >
    <img
      alt="Movie Poster of Frozen II"
      className="poster"
      src="https://image.tmdb.org/t/p/original//pjeMs3yqRmFL3giJy4PMXWZTTPa.jpg"
    />
  </NavLink>
  <div
    className="avg-container"
  >
    <img
      alt="cartoon tomato"
      className="average-img"
      src="https://img.icons8.com/dusk/64/000000/tomato.png"
    />
  </div>
  <span
    className="average-score"
  >
    8.0
  </span>
</div>
`;
